// Jest Snapshot v1, https://goo.gl/fbAQLP

exports[`TextInputField renders correctly 1`] = `
<View
  style={
    Array [
      Object {
        "paddingHorizontal": 15,
      },
      undefined,
    ]
  }
>
  <Text
    accessible={true}
    allowFontScaling={true}
    ellipsizeMode="tail"
    style={
      Array [
        Object {
          "fontSize": 16,
          "paddingTop": 10,
        },
        undefined,
      ]
    }
  >
    label
  </Text>
  <TextInput
    allowFontScaling={true}
    blurOnSubmit={true}
    keyboardType="default"
    maxLength={40}
    onChangeText={[Function]}
    placeholder="placeholder"
    style={
      Object {
        "height": 40,
      }
    }
  />
</View>
`;
