// Jest Snapshot v1, https://goo.gl/fbAQLP

exports[`QuizOverview renders correctly 1`] = `
<View
  style={
    Array [
      Object {
        "flexBasis": 0,
        "flexGrow": 1,
        "flexShrink": 1,
      },
      undefined,
    ]
  }
>
  <Text
    accessible={true}
    allowFontScaling={true}
    ellipsizeMode="tail"
    style={
      Array [
        Object {
          "fontSize": 20,
          "paddingHorizontal": 15,
          "paddingVertical": 15,
          "textAlign": "center",
        },
        undefined,
      ]
    }
  >
    Quiz: 
    React
  </Text>
  <Text
    accessible={true}
    allowFontScaling={true}
    ellipsizeMode="tail"
    style={
      Array [
        Object {
          "fontSize": 16,
          "fontStyle": "italic",
          "paddingHorizontal": 15,
          "paddingVertical": 15,
          "textAlign": "center",
        },
        undefined,
      ]
    }
  >
    2
     cards
  </Text>
  <View
    style={
      Array [
        Object {
          "marginVertical": 50,
          "paddingBottom": 25,
          "paddingHorizontal": 25,
          "paddingTop": 20,
        },
        undefined,
      ]
    }
  >
    <View
      accessibilityComponentType={undefined}
      accessibilityLabel={undefined}
      accessibilityTraits={undefined}
      accessible={true}
      collapsable={undefined}
      hitSlop={undefined}
      isTVSelectable={true}
      nativeID={undefined}
      onLayout={undefined}
      onResponderGrant={[Function]}
      onResponderMove={[Function]}
      onResponderRelease={[Function]}
      onResponderTerminate={[Function]}
      onResponderTerminationRequest={[Function]}
      onStartShouldSetResponder={[Function]}
      style={
        Object {
          "opacity": 1,
        }
      }
      testID={undefined}
      tvParallaxProperties={undefined}
    >
      <Text
        accessible={true}
        allowFontScaling={true}
        ellipsizeMode="tail"
        style={
          Array [
            Object {
              "backgroundColor": "#05AE54",
              "color": "#ffffff",
              "fontSize": 22,
              "height": 45,
              "marginLeft": 40,
              "marginRight": 40,
              "marginVertical": 10,
              "paddingBottom": 10,
              "paddingTop": 10,
              "textAlign": "center",
            },
            undefined,
          ]
        }
      >
        Start quiz
      </Text>
    </View>
    <View
      accessibilityComponentType={undefined}
      accessibilityLabel={undefined}
      accessibilityTraits={undefined}
      accessible={true}
      collapsable={undefined}
      hitSlop={undefined}
      isTVSelectable={true}
      nativeID={undefined}
      onLayout={undefined}
      onResponderGrant={[Function]}
      onResponderMove={[Function]}
      onResponderRelease={[Function]}
      onResponderTerminate={[Function]}
      onResponderTerminationRequest={[Function]}
      onStartShouldSetResponder={[Function]}
      style={
        Object {
          "opacity": 1,
        }
      }
      testID={undefined}
      tvParallaxProperties={undefined}
    >
      <Text
        accessible={true}
        allowFontScaling={true}
        ellipsizeMode="tail"
        style={
          Array [
            Object {
              "backgroundColor": "#05AE54",
              "color": "#ffffff",
              "fontSize": 22,
              "height": 45,
              "marginLeft": 40,
              "marginRight": 40,
              "marginVertical": 10,
              "paddingBottom": 10,
              "paddingTop": 10,
              "textAlign": "center",
            },
            undefined,
          ]
        }
      >
        Add new question
      </Text>
    </View>
    <View
      accessibilityComponentType={undefined}
      accessibilityLabel={undefined}
      accessibilityTraits={undefined}
      accessible={true}
      collapsable={undefined}
      hitSlop={undefined}
      isTVSelectable={true}
      nativeID={undefined}
      onLayout={undefined}
      onResponderGrant={[Function]}
      onResponderMove={[Function]}
      onResponderRelease={[Function]}
      onResponderTerminate={[Function]}
      onResponderTerminationRequest={[Function]}
      onStartShouldSetResponder={[Function]}
      style={
        Object {
          "opacity": 1,
        }
      }
      testID={undefined}
      tvParallaxProperties={undefined}
    >
      <Text
        accessible={true}
        allowFontScaling={true}
        ellipsizeMode="tail"
        style={
          Array [
            Object {
              "backgroundColor": "#05AE54",
              "color": "#ffffff",
              "fontSize": 22,
              "height": 45,
              "marginLeft": 40,
              "marginRight": 40,
              "marginVertical": 10,
              "paddingBottom": 10,
              "paddingTop": 10,
              "textAlign": "center",
            },
            undefined,
          ]
        }
      >
        Home
      </Text>
    </View>
  </View>
</View>
`;
